[princepsd.framer.photos/index.html]
[backblue.gif]
[fade.gif]
[index.html]
[framerusercontent.com/images/IlMF5poddqLDKUDvzYuFLCvNK5Y.png]
[framerusercontent.com/images/wU6YOPG9dJ8IVGpdh6xKKkTrHWY.png]
[framerusercontent.com/images/beYkCfXffWT7zFsFFSLUxTbfw.jpg]
[framerusercontent.com/images/KpPvmcv945oRWaJqMYxdTYoAUE.png]
[framerusercontent.com/images/PNuQI9DRcL2AUdDWdNTx1C6Sroo.png]
[framerusercontent.com/images/WTohnKboVbROIi6ifOCoxIFRhc.jpg]
[framerusercontent.com/images/D2Md6MgyqLCUeYnlqvulHIm6fRs.jpg]
[framerusercontent.com/images/Pyu8Drw5WArK760ts9SB0cy5ZZs.jpg]
[framerusercontent.com/images/AXV3HZt707aae8LMK7Bc2LoHOfM.jpg]
[framerusercontent.com/images/U5DxLKIkZUjnn6a3ZUvgELcA.jpg]
[framerusercontent.com/images/E6pUtsmU4t0djtf3x3RGVY.jpg]
[framerusercontent.com/images/PPPaHZjqzfAlAtwVVy2pSiXYs.jpg]
[framerusercontent.com/images/7F3lTYZOjzOjhfseIc3CuicNZ7k.jpg]
[framerusercontent.com/images/1tQaIKZlgSKABTXF9puoDT5agXw.jpg]
[framerusercontent.com/images/lH0PtK4N67NjJE96zmRAO9jgs.jpg]
[framerusercontent.com/images/5B56ubMtYdyFCcehWghTi0tz1jg.jpg]
[framerusercontent.com/images/LSGAS7JmmV1dhCsGR7RRK7SqYHY.jpg]
[framerusercontent.com/images/qsKhle4EAHchJLohSYjJhTOnz8.jpg]
[framerusercontent.com/images/sRpl2Jo95MjvCrwWk1AHidu948.jpg]
[framerusercontent.com/images/9K7S7xVThGiZr62P5IRfv522A.jpg]
[framerusercontent.com/images/FajJ22vdE8T4f8boG8XRTCHSXs.jpg]
[framerusercontent.com/images/Wdu3jenO2y96qQkQmQ6WfjNvsw.jpg]
[framerusercontent.com/images/k9qOIFzqkFW1quezARCGJaTP5ww.jpg]
[framerusercontent.com/images/Df7GxkbWjyfDHwuqyJtDaud6cac.jpg]
[framerusercontent.com/images/E5dpVkVSO1wmNw04h3yBRu1g93o.jpg]
[framerusercontent.com/images/bvQuwFA4INOf8pJeQO6N5XQxgoM.jpg]
[framerusercontent.com/images/VJkIrhwC621xriZGYKTRe8rrSo4.jpg]
[framerusercontent.com/images/vYKQBHiWmppxVPqqAjwCLzoH6FI.jpg]
[framerusercontent.com/images/Kl5Tb8nzBWsmn3Q572wQFL8p4.jpg]
[framerusercontent.com/images/w1lbrcpJQm1eTeeXL1IJpaplxo.jpg]
[framerusercontent.com/images/TELASZV9ilpwjVtR0jVm9gEw.jpg]
[framerusercontent.com/images/uk7gd7kBbz5YjTJ4MI0f5dhkn1U.jpg]
[framerusercontent.com/images/UF5VFXcXLJurmFUoYC5GfYqo.png]
[framerusercontent.com/images/Dp9ZVXod2K5qVnEcnAW5ilJLwzI.jpg]
[framerusercontent.com/images/zHIzfXqZfduHZ38fkioC9YnuFPM.jpg]
[framerusercontent.com/images/CBsMtUmOPxsgQ8YQPBQPNWBFbM.jpg]
[framerusercontent.com/images/t7qjtcfh9pMnR46mgVsDdrT3E.jpg]
[framerusercontent.com/images/Xtcoea5fIGtDMdiROdRcQbbX0cg.jpg]
[framerusercontent.com/images/d6DEwLmXf0HL0xHR8KfyonMZNE.jpg]
[framerusercontent.com/images/WyWFX3hKjun0AoKTdpzw8oaCv0.jpg]
[framerusercontent.com/images/qs1cVdj7OCS3Yjlw1siyZLHg9m4.jpg]
[framerusercontent.com/images/6p77BfGdVcsIcXFINoI5KKoK3A.jpg]
[framerusercontent.com/images/EnI4eim1Ua7aVXoYXaWWlaVrLsE.jpg]
[framerusercontent.com/images/52EqYoIbBo3wN6SDFEIaw9sjw.jpg]
[framerusercontent.com/images/Bl7WzO8VciE5YKPcPX5b5Nq6Ak.jpg]
[framerusercontent.com/images/08vfpMVN6c5A8mbYFIqokKBYIT4.png]
[framerusercontent.com/images/oTxfigKD2R42tsIhHBhLY8gBtQY.png]
[framerusercontent.com/images/huGiWfZXek4ajWMQkBABDllpxkY.png]
[framerusercontent.com/images/0nVdCSnn4rAwGAxxjF8EHzakaD0.png]
[framerusercontent.com/images/xMLV7rj1Qzn7P5j28px3PJ59CN4.png]
[framerusercontent.com/images/l4zcjlj6rzU9e5YP3bafEzLFwbY.png]
[framerusercontent.com/images/CA6benbjLV9k6OAUAyriKrwyVw.png]
[framerusercontent.com/images/2V17nYhwx6xH71MjKyaivwK3jEU17f5.png]
[framerusercontent.com/images/t87oXWIpjJx9QEyXcNjCdACPKVs.png]
[framerusercontent.com/images/mReruUWUOkrdEAtkJbYzCZoAF4s.jpg]
[framerusercontent.com/images/QBKRUG2AlcqPzUq76ZTcX9Fu9oA.png]
[framerusercontent.com/images/qmEY9FSIH0ByuMhnxqWWRwD8qao.jpg]
[framerusercontent.com/images/PbbqyTGUVb3MrM09Y4HKnpnzYCA.jpg]
[framerusercontent.com/images/upE6QgvguXU6P7NthSJS0MDfFw.jpg]
[framerusercontent.com/images/VcIMZknQNFtNxQ2HWMT77VrkCs.jpg]
[framerusercontent.com/images/63o2VcfSXaOuqMKYDolL0wuFk.png]
[princepsd.framer.photos/index.html]
